start server
Received file: ADELINE.MID
Size of midi file: 7570
Parsing MIDI from memory...
read_midi: average time = 0.397630331753555
INFO:     127.0.0.1:44438 - "POST /api/music/midi/upload HTTP/1.1" 200 OK
INFO:     127.0.0.1:44438 - "GET /api/music/model/selection HTTP/1.1" 200 OK
Loading RNN
[fine-tune] epoch 1 | loss 27.2597
[fine-tune] epoch 2 | loss 26.7321
end of selectModel. Fine tuning complete
INFO:     127.0.0.1:44438 - "PUT /api/music/model/select HTTP/1.1" 200 OK
Generating Music begin
convertedNotes: average time before = 6.087888531618435
time sum: 5680
time factor: 0.06531498231092726
convertedNotes: average time after = 0.39763033175355583
Generating Music end
sustain value::0
sustain value::0
sustain value::0
sustain value::0
sustain value::0
sustain value::0
sustain value::0
sustain value::0
sustain value::0
sustain value::0
sustain value::0
sustain value::0
sustain value::0
sustain value::0
sustain value::0
sustain value::0
sustain value::0
sustain value::0
sustain value::0
sustain value::0
sustain value::0
sustain value::0
sustain value::0
sustain value::0
sustain value::0
sustain value::0
sustain value::0
sustain value::0
sustain value::0
sustain value::0
sustain value::0
sustain value::0
sustain value::0
sustain value::0
sustain value::0
sustain value::0
sustain value::0
sustain value::0
sustain value::0
sustain value::0
sustain value::0
sustain value::0
sustain value::0
sustain value::0
sustain value::0
sustain value::0
sustain value::0
sustain value::0
sustain value::0
sustain value::0
sustain value::0
sustain value::0
sustain value::0
sustain value::0
sustain value::0
sustain value::0
sustain value::0
sustain value::0
sustain value::0
sustain value::0
sustain value::0
sustain value::0
sustain value::0
sustain value::0
sustain value::0
sustain value::0
sustain value::0
sustain value::0
sustain value::0
sustain value::0
sustain value::0
sustain value::0
sustain value::0
sustain value::0
sustain value::0
sustain value::0
sustain value::0
sustain value::0
sustain value::0
sustain value::0
sustain value::0
sustain value::0
sustain value::0
sustain value::0
sustain value::0
sustain value::0
sustain value::0
sustain value::0
sustain value::0
sustain value::0
sustain value::0
sustain value::0
sustain value::0
sustain value::0
sustain value::0
sustain value::0
sustain value::0
sustain value::0
sustain value::0
sustain value::0
sustain value::0
sustain value::0
sustain value::0
sustain value::0
sustain value::0
sustain value::0
sustain value::0
sustain value::0
sustain value::0
sustain value::0
sustain value::0
sustain value::0
sustain value::0
sustain value::0
sustain value::0
sustain value::0
sustain value::0
sustain value::0
sustain value::0
sustain value::0
sustain value::0
sustain value::0
sustain value::0
sustain value::0
sustain value::0
sustain value::0
sustain value::0
sustain value::0
sustain value::0
sustain value::0
sustain value::0
sustain value::0
sustain value::0
sustain value::0
sustain value::0
sustain value::0
sustain value::0
sustain value::0
sustain value::0
sustain value::0
sustain value::0
sustain value::0
sustain value::0
sustain value::0
sustain value::0
sustain value::0
sustain value::0
sustain value::0
sustain value::0
sustain value::0
sustain value::0
sustain value::0
sustain value::0
sustain value::0
sustain value::0
sustain value::0
sustain value::0
sustain value::0
sustain value::0
sustain value::0
sustain value::0
sustain value::0
sustain value::0
sustain value::0
sustain value::0
sustain value::0
sustain value::0
sustain value::0
sustain value::0
sustain value::0
sustain value::0
sustain value::0
sustain value::0
sustain value::0
sustain value::0
sustain value::0
sustain value::0
sustain value::0
sustain value::0
sustain value::0
sustain value::0
sustain value::0
sustain value::0
sustain value::0
sustain value::0
sustain value::0
sustain value::0
sustain value::0
sustain value::0
sustain value::0
sustain value::0
sustain value::0
sustain value::0
sustain value::0
sustain value::0
sustain value::0
sustain value::0
sustain value::0
sustain value::0
sustain value::0
sustain value::0
sustain value::0
sustain value::0
sustain value::0
sustain value::0
sustain value::0
sustain value::0
sustain value::0
sustain value::0
sustain value::0
sustain value::0
sustain value::0
sustain value::0
sustain value::0
sustain value::0
sustain value::0
sustain value::0
sustain value::0
sustain value::0
sustain value::0
sustain value::0
sustain value::0
sustain value::0
sustain value::0
sustain value::0
sustain value::0
sustain value::0
sustain value::0
sustain value::0
sustain value::0
sustain value::0
sustain value::0
sustain value::0
sustain value::0
sustain value::0
sustain value::0
sustain value::0
sustain value::0
sustain value::0
sustain value::0
sustain value::0
sustain value::0
sustain value::0
sustain value::0
sustain value::0
sustain value::0
sustain value::0
sustain value::0
sustain value::0
sustain value::0
sustain value::0
sustain value::0
sustain value::0
sustain value::0
sustain value::0
sustain value::0
sustain value::0
sustain value::0
sustain value::0
sustain value::0
sustain value::0
sustain value::0
sustain value::0
sustain value::0
sustain value::0
sustain value::0
sustain value::0
sustain value::0
sustain value::0
sustain value::0
sustain value::0
sustain value::0
sustain value::0
sustain value::0
sustain value::0
sustain value::0
sustain value::0
sustain value::0
sustain value::0
sustain value::0
sustain value::0
sustain value::0
sustain value::0
sustain value::0
sustain value::0
sustain value::0
sustain value::0
sustain value::0
sustain value::0
sustain value::0
sustain value::0
sustain value::0
sustain value::0
sustain value::0
sustain value::0
sustain value::0
sustain value::0
sustain value::0
sustain value::0
sustain value::0
sustain value::0
sustain value::0
sustain value::0
sustain value::0
sustain value::0
sustain value::0
sustain value::0
sustain value::0
sustain value::0
sustain value::0
sustain value::0
sustain value::0
sustain value::0
sustain value::0
sustain value::0
sustain value::0
sustain value::0
sustain value::0
sustain value::0
sustain value::0
sustain value::0
sustain value::0
sustain value::0
sustain value::0
sustain value::0
sustain value::0
sustain value::0
sustain value::0
sustain value::0
sustain value::0
sustain value::0
sustain value::0
sustain value::0
sustain value::0
sustain value::0
sustain value::0
sustain value::0
sustain value::0
sustain value::0
sustain value::0
sustain value::0
sustain value::0
sustain value::0
sustain value::0
sustain value::0
sustain value::0
sustain value::0
sustain value::0
sustain value::0
sustain value::0
sustain value::0
sustain value::0
sustain value::0
sustain value::0
sustain value::0
sustain value::0
sustain value::0
sustain value::0
sustain value::0
sustain value::0
sustain value::0
sustain value::0
sustain value::0
sustain value::0
sustain value::0
sustain value::0
sustain value::0
sustain value::0
sustain value::0
sustain value::0
sustain value::0
sustain value::0
sustain value::0
sustain value::0
sustain value::0
sustain value::0
sustain value::0
sustain value::0
sustain value::0
sustain value::0
sustain value::0
sustain value::0
sustain value::0
sustain value::0
sustain value::0
sustain value::0
sustain value::0
sustain value::0
sustain value::0
sustain value::0
sustain value::0
sustain value::0
sustain value::0
sustain value::0
sustain value::0
sustain value::0
sustain value::0
sustain value::0
sustain value::127
sustain value::0
sustain value::0
sustain value::0
sustain value::0
sustain value::0
sustain value::0
sustain value::0
sustain value::0
sustain value::0
sustain value::0
sustain value::0
sustain value::0
sustain value::0
sustain value::0
sustain value::0
sustain value::0
sustain value::0
sustain value::0
sustain value::0
sustain value::0
sustain value::0
sustain value::0
sustain value::0
sustain value::0
sustain value::0
sustain value::0
sustain value::0
sustain value::0
sustain value::0
sustain value::0
sustain value::0
sustain value::0
sustain value::0
sustain value::0
sustain value::0
sustain value::0
sustain value::0
sustain value::0
sustain value::0
sustain value::0
sustain value::0
sustain value::0
sustain value::0
sustain value::0
sustain value::0
sustain value::0
sustain value::0
sustain value::0
sustain value::0
sustain value::0
sustain value::0
sustain value::0
sustain value::0
sustain value::0
sustain value::0
sustain value::0
sustain value::0
sustain value::0
sustain value::0
sustain value::0
sustain value::0
sustain value::0
sustain value::0
sustain value::0
sustain value::0
sustain value::0
sustain value::0
sustain value::0
sustain value::0
sustain value::0
sustain value::0
sustain value::0
sustain value::0
sustain value::0
sustain value::0
sustain value::0
sustain value::0
sustain value::0
sustain value::0
sustain value::0
sustain value::0
sustain value::0
sustain value::0
sustain value::0
sustain value::0
sustain value::0
sustain value::0
sustain value::0
sustain value::0
sustain value::0
sustain value::0
sustain value::0
sustain value::0
sustain value::0
sustain value::0
sustain value::0
sustain value::0
sustain value::0
sustain value::0
sustain value::0
sustain value::0
sustain value::0
sustain value::0
sustain value::0
sustain value::0
sustain value::0
sustain value::0
sustain value::0
sustain value::0
sustain value::0
sustain value::0
sustain value::0
sustain value::0
sustain value::0
sustain value::0
sustain value::0
sustain value::0
sustain value::0
sustain value::0
sustain value::0
sustain value::0
sustain value::0
sustain value::0
sustain value::0
sustain value::0
sustain value::0
sustain value::0
sustain value::0
sustain value::0
sustain value::0
sustain value::0
sustain value::0
sustain value::0
sustain value::0
sustain value::0
sustain value::0
sustain value::0
sustain value::0
sustain value::0
sustain value::0
sustain value::0
sustain value::0
sustain value::0
sustain value::0
sustain value::0
sustain value::0
sustain value::0
sustain value::0
sustain value::0
sustain value::0
sustain value::0
sustain value::0
sustain value::0
sustain value::0
sustain value::0
sustain value::0
sustain value::0
sustain value::0
sustain value::0
sustain value::0
sustain value::0
sustain value::0
sustain value::0
sustain value::0
sustain value::0
sustain value::0
sustain value::0
sustain value::0
sustain value::0
sustain value::0
sustain value::0
sustain value::0
sustain value::0
sustain value::0
sustain value::0
sustain value::0
sustain value::0
sustain value::0
sustain value::0
sustain value::0
sustain value::0
sustain value::0
sustain value::0
sustain value::0
sustain value::0
sustain value::0
sustain value::0
sustain value::0
sustain value::0
sustain value::0
sustain value::0
sustain value::0
sustain value::0
sustain value::0
sustain value::0
sustain value::0
sustain value::0
sustain value::0
sustain value::0
sustain value::0
sustain value::0
sustain value::0
sustain value::0
sustain value::0
sustain value::0
sustain value::0
sustain value::0
sustain value::0
sustain value::0
sustain value::0
sustain value::0
sustain value::0
sustain value::0
sustain value::0
sustain value::0
sustain value::0
sustain value::0
sustain value::0
sustain value::0
sustain value::0
sustain value::0
sustain value::0
sustain value::0
sustain value::0
sustain value::0
sustain value::0
sustain value::0
sustain value::0
sustain value::0
sustain value::0
sustain value::0
sustain value::0
sustain value::0
sustain value::0
sustain value::0
sustain value::0
sustain value::0
sustain value::0
sustain value::0
sustain value::0
sustain value::0
sustain value::0
sustain value::0
sustain value::0
sustain value::0
sustain value::0
sustain value::0
sustain value::0
sustain value::0
sustain value::0
sustain value::0
sustain value::0
sustain value::0
sustain value::0
sustain value::0
sustain value::0
sustain value::0
sustain value::0
sustain value::0
sustain value::0
sustain value::0
sustain value::0
sustain value::0
sustain value::0
sustain value::0
sustain value::0
sustain value::0
sustain value::0
sustain value::0
sustain value::0
sustain value::0
sustain value::0
sustain value::0
sustain value::0
sustain value::0
sustain value::0
sustain value::0
sustain value::0
sustain value::0
sustain value::0
sustain value::0
sustain value::0
sustain value::0
sustain value::0
sustain value::0
sustain value::0
sustain value::0
sustain value::0
sustain value::0
sustain value::0
sustain value::0
sustain value::0
sustain value::0
sustain value::0
sustain value::0
sustain value::0
sustain value::0
sustain value::0
sustain value::0
sustain value::0
sustain value::0
sustain value::0
sustain value::0
sustain value::0
sustain value::0
sustain value::0
sustain value::0
sustain value::0
sustain value::0
sustain value::0
sustain value::0
sustain value::0
sustain value::0
sustain value::0
sustain value::0
sustain value::0
sustain value::0
sustain value::0
sustain value::0
sustain value::0
sustain value::0
sustain value::0
sustain value::0
sustain value::0
sustain value::0
sustain value::0
sustain value::0
sustain value::0
sustain value::0
sustain value::0
sustain value::0
sustain value::0
sustain value::0
sustain value::0
sustain value::0
sustain value::0
sustain value::0
sustain value::0
sustain value::0
sustain value::0
sustain value::0
sustain value::0
sustain value::0
sustain value::0
sustain value::0
sustain value::0
sustain value::0
sustain value::0
sustain value::0
sustain value::0
sustain value::0
sustain value::0
sustain value::0
sustain value::0
sustain value::0
sustain value::0
sustain value::0
sustain value::0
sustain value::0
sustain value::0
sustain value::0
sustain value::0
sustain value::0
sustain value::0
sustain value::0
sustain value::0
sustain value::0
sustain value::0
sustain value::0
sustain value::0
sustain value::0
sustain value::0
sustain value::0
sustain value::0
sustain value::0
sustain value::0
sustain value::0
sustain value::0
sustain value::0
sustain value::0
sustain value::0
sustain value::0
sustain value::0
sustain value::0
sustain value::0
sustain value::0
sustain value::0
sustain value::0
sustain value::0
sustain value::0
sustain value::0
sustain value::0
sustain value::0
sustain value::0
sustain value::0
sustain value::0
sustain value::0
sustain value::0
sustain value::0
sustain value::0
sustain value::0
sustain value::0
sustain value::0
sustain value::0
sustain value::0
sustain value::0
sustain value::0
sustain value::0
sustain value::0
sustain value::0
sustain value::0
sustain value::0
sustain value::0
sustain value::0
sustain value::0
sustain value::0
sustain value::0
sustain value::0
sustain value::0
sustain value::0
sustain value::0
sustain value::0
sustain value::0
sustain value::0
sustain value::0
sustain value::0
sustain value::0
sustain value::0
sustain value::0
sustain value::0
sustain value::0
sustain value::0
sustain value::0
sustain value::0
sustain value::0
sustain value::0
sustain value::0
sustain value::0
sustain value::0
sustain value::0
sustain value::0
sustain value::0
sustain value::0
sustain value::0
sustain value::0
sustain value::0
sustain value::0
sustain value::0
sustain value::0
sustain value::0
sustain value::0
sustain value::0
sustain value::0
sustain value::0
sustain value::0
sustain value::0
sustain value::0
sustain value::0
sustain value::0
sustain value::127
sustain value::127
sustain value::127
sustain value::127
sustain value::127
sustain value::127
sustain value::127
sustain value::127
sustain value::127
sustain value::127
sustain value::127
sustain value::127
sustain value::127
sustain value::0
sustain value::0
sustain value::0
sustain value::0
sustain value::0
sustain value::0
sustain value::0
sustain value::0
sustain value::0
sustain value::0
sustain value::0
sustain value::0
sustain value::0
sustain value::0
sustain value::0
sustain value::0
sustain value::0
sustain value::0
sustain value::0
sustain value::0
sustain value::127
sustain value::127
sustain value::127
sustain value::127
sustain value::127
sustain value::127
sustain value::127
sustain value::127
sustain value::127
sustain value::127
sustain value::127
sustain value::127
sustain value::127
sustain value::127
sustain value::127
sustain value::127
sustain value::127
sustain value::127
sustain value::0
sustain value::0
sustain value::0
sustain value::0
sustain value::0
sustain value::0
sustain value::0
sustain value::0
sustain value::0
sustain value::0
sustain value::0
sustain value::0
sustain value::0
sustain value::127
sustain value::127
sustain value::127
sustain value::127
sustain value::0
sustain value::0
sustain value::0
sustain value::0
sustain value::0
sustain value::127
sustain value::127
INFO:     127.0.0.1:44438 - "POST /api/music/generate HTTP/1.1" 200 OK
